[2025-05-24 09:17:16] ==== 자동 커밋 시작 ====
[2025-05-24 09:17:16] git add 실행
[2025-05-24 09:17:16] git commit 실행
[main 0071156] 자동 커밋: 2025-05-24 09:17:16
 Committer: root <root@ip-172-31-5-180.ap-northeast-2.compute.internal>
Your name and email address were configured automatically based
on your username and hostname. Please check that they are accurate.
You can suppress this message by setting them explicitly. Run the
following command and follow the instructions in your editor to edit
your configuration file:

    git config --global --edit

After doing this, you may fix the identity used for this commit with:

    git commit --amend --reset-author

 4 files changed, 50 insertions(+)
 create mode 100755 grass-bot/append_line.py
 create mode 100755 grass-bot/auto_commit.sh
 create mode 100755 grass-bot/commit_target.py
[2025-05-24 09:17:16] git push 실행
Warning: Permanently added 'github.com' (ED25519) to the list of known hosts.
git@github.com: Permission denied (publickey).
fatal: Could not read from remote repository.

Please make sure you have the correct access rights
and the repository exists.
[2025-05-24 09:17:16] ==== 자동 커밋 완료 ====

[2025-05-24 09:25:28] ==== 자동 커밋 시작 ====
[2025-05-24 09:25:28] git add 실행
[2025-05-24 09:25:28] git commit 실행
[main 2866e89] 자동 커밋: 2025-05-24 09:25:28
 Committer: root <root@ip-172-31-5-180.ap-northeast-2.compute.internal>
Your name and email address were configured automatically based
on your username and hostname. Please check that they are accurate.
You can suppress this message by setting them explicitly. Run the
following command and follow the instructions in your editor to edit
your configuration file:

    git config --global --edit

After doing this, you may fix the identity used for this commit with:

    git commit --amend --reset-author

 2 files changed, 4 insertions(+)
[2025-05-24 09:25:28] git push 실행
git@github.com: Permission denied (publickey).
fatal: Could not read from remote repository.

Please make sure you have the correct access rights
and the repository exists.
[2025-05-24 09:25:28] ==== 자동 커밋 완료 ====

[2025-05-24 09:28:59] ==== 자동 커밋 시작 ====
[2025-05-24 09:28:59] git add 실행
[2025-05-24 09:28:59] git commit 실행
[main e61a3bf] 자동 커밋: 2025-05-24 09:28:59
 Committer: root <root@ip-172-31-5-180.ap-northeast-2.compute.internal>
Your name and email address were configured automatically based
on your username and hostname. Please check that they are accurate.
You can suppress this message by setting them explicitly. Run the
following command and follow the instructions in your editor to edit
your configuration file:

    git config --global --edit

After doing this, you may fix the identity used for this commit with:

    git commit --amend --reset-author

 3 files changed, 29 insertions(+)
[2025-05-24 09:28:59] git push 실행
To github.com:Jimin0304/Grass.git
   a0e7112..e61a3bf  main -> main
[2025-05-24 09:28:59] ==== 자동 커밋 완료 ====

[2025-05-24 09:32:29] ==== 자동 커밋 시작 ====
[2025-05-24 09:32:29] git add 실행
[2025-05-24 09:32:29] git commit 실행
[main 2f157cd] 자동 커밋: 2025-05-24 09:32:29
 3 files changed, 29 insertions(+)
[2025-05-24 09:32:29] git push 실행
To github.com:Jimin0304/Grass.git
   e61a3bf..2f157cd  main -> main
[2025-05-24 09:32:29] ==== 자동 커밋 완료 ====

[2025-05-24 21:00:02] ==== 자동 커밋 시작 ====
[2025-05-24 21:00:02] git add 실행
[2025-05-24 21:00:02] git commit 실행
[main f3809dd] 자동 커밋: 2025-05-24 21:00:02
 2 files changed, 12 insertions(+)
[2025-05-24 21:00:02] git push 실행
To github.com:Jimin0304/Grass.git
   2f157cd..f3809dd  main -> main
[2025-05-24 21:00:02] ==== 자동 커밋 완료 ====

[2025-05-25 09:00:02] ==== 자동 커밋 시작 ====
[2025-05-25 09:00:02] git add 실행
error: insufficient permission for adding an object to repository database .git/objects
error: grass-bot/commit_target.py: failed to insert into database
error: unable to index file 'grass-bot/commit_target.py'
fatal: updating files failed
[2025-05-25 09:00:02] git commit 실행
On branch main
Changes not staged for commit:
  (use "git add <file>..." to update what will be committed)
  (use "git restore <file>..." to discard changes in working directory)
	modified:   commit_log.txt
	modified:   commit_target.py

no changes added to commit (use "git add" and/or "git commit -a")
[2025-05-25 09:00:02] git push 실행
Everything up-to-date
[2025-05-25 09:00:02] ==== 자동 커밋 완료 ====

[2025-05-25 10:00:01] ==== 자동 커밋 시작 ====
[2025-05-25 10:00:01] git add 실행
error: insufficient permission for adding an object to repository database .git/objects
error: grass-bot/append_line.py: failed to insert into database
error: unable to index file 'grass-bot/append_line.py'
fatal: updating files failed
[2025-05-25 10:00:01] git commit 실행
On branch main
Changes not staged for commit:
  (use "git add <file>..." to update what will be committed)
  (use "git restore <file>..." to discard changes in working directory)
	modified:   commit_log.txt
	modified:   commit_target.py

no changes added to commit (use "git add" and/or "git commit -a")
[2025-05-25 10:00:01] git push 실행
Everything up-to-date
[2025-05-25 10:00:01] ==== 자동 커밋 완료 ====

[2025-05-25 10:10:26] ==== 자동 커밋 시작 ====
[2025-05-25 10:10:26] git add 실행
[2025-05-25 10:10:26] git commit 실행
[master (root-commit) 15e197a] 자동 커밋: 2025-05-25 10:10:26
 5 files changed, 1407 insertions(+)
 create mode 100755 append_line.py
 create mode 100755 auto_commit.sh
 create mode 100644 commit_log.txt
 create mode 100755 commit_target.py
 create mode 100644 long_text.txt
[2025-05-25 10:10:26] git push 실행
error: src refspec main does not match any
error: failed to push some refs to 'github.com:Jimin0304/Grass.git'
[2025-05-25 10:10:26] ==== 자동 커밋 완료 ====

[2025-05-25 10:12:53] ==== 자동 커밋 시작 ====
[2025-05-25 10:12:53] git add 실행
[2025-05-25 10:12:53] git commit 실행
[main 23a04c7] 자동 커밋: 2025-05-25 10:12:53
 2 files changed, 17 insertions(+)
[2025-05-25 10:12:53] git push 실행
To github.com:Jimin0304/Grass.git
 ! [rejected]        main -> main (fetch first)
error: failed to push some refs to 'github.com:Jimin0304/Grass.git'
hint: Updates were rejected because the remote contains work that you do not
hint: have locally. This is usually caused by another repository pushing to
hint: the same ref. If you want to integrate the remote changes, use
hint: 'git pull' before pushing again.
hint: See the 'Note about fast-forwards' in 'git push --help' for details.
[2025-05-25 10:12:53] ==== 자동 커밋 완료 ====

[2025-05-25 10:13:26] ==== 자동 커밋 시작 ====
[2025-05-25 10:13:26] git add 실행
[2025-05-25 10:13:26] git commit 실행
[main bacb894] 자동 커밋: 2025-05-25 10:13:26
 2 files changed, 18 insertions(+)
[2025-05-25 10:13:26] git push 실행
To github.com:Jimin0304/Grass.git
 ! [rejected]        main -> main (non-fast-forward)
error: failed to push some refs to 'github.com:Jimin0304/Grass.git'
hint: Updates were rejected because the tip of your current branch is behind
hint: its remote counterpart. If you want to integrate the remote changes,
hint: use 'git pull' before pushing again.
hint: See the 'Note about fast-forwards' in 'git push --help' for details.
[2025-05-25 10:13:26] ==== 자동 커밋 완료 ====

